// Jest Snapshot v1, https://goo.gl/fbAQLP

exports[`<MyComponent /> initially shows loader 1`] = `
<Loading
  content="Loading"
/>
`;

exports[`<MyComponent /> shows children after load 1`] = `<ErrorMessage />`;
